[colorlib.com/preview/theme/brighthotel/index.html]
[backblue.gif]
[fade.gif]
[index.html]
[colorlib.com/preview/theme/brighthotel/css/open-iconic-bootstrap.min.css]
[colorlib.com/preview/theme/brighthotel/css/animate.css]
[colorlib.com/preview/theme/brighthotel/css/owl.theme.default.min.css]
[colorlib.com/preview/theme/brighthotel/css/magnific-popup.css]
[colorlib.com/preview/theme/brighthotel/css/aos.css]
[colorlib.com/preview/theme/brighthotel/css/ionicons.min.css]
[colorlib.com/preview/theme/brighthotel/css/owl.carousel.min.css]
[colorlib.com/preview/theme/brighthotel/css/bootstrap-datepicker.css]
[colorlib.com/preview/theme/brighthotel/css/jquery.timepicker.css]
[colorlib.com/preview/theme/brighthotel/css/flaticon.css]
[colorlib.com/preview/theme/brighthotel/css/icomoon.css]
[colorlib.com/preview/theme/brighthotel/css/style.css]
[colorlib.com/preview/theme/brighthotel/index-2.html]
[colorlib.com/preview/theme/brighthotel/rooms.html]
[colorlib.com/preview/theme/brighthotel/services.html]
[colorlib.com/preview/theme/brighthotel/about.html]
[colorlib.com/preview/theme/brighthotel/blog.html]
[colorlib.com/preview/theme/brighthotel/contact.html]
[colorlib.com/preview/theme/brighthotel/images/bg_2.jpg]
[colorlib.com/preview/theme/brighthotel/images/bg_1.jpg]
[colorlib.com/preview/theme/brighthotel/images/bg_3.jpg]
[colorlib.com/preview/theme/brighthotel/images/img_1.jpg]
[colorlib.com/preview/theme/brighthotel/images/img_2.jpg]
[colorlib.com/preview/theme/brighthotel/images/img_3.jpg]
[colorlib.com/preview/theme/brighthotel/images/img_4.jpg]
[colorlib.com/preview/theme/brighthotel/images/img_5.jpg]
[colorlib.com/preview/theme/brighthotel/images/img_6.jpg]
[colorlib.com/preview/theme/brighthotel/images/menu_1.jpg]
[colorlib.com/preview/theme/brighthotel/images/menu_2.jpg]
[colorlib.com/preview/theme/brighthotel/images/menu_3.jpg]
[colorlib.com/preview/theme/brighthotel/images/menu_4.jpg]
[colorlib.com/preview/theme/brighthotel/images/person_3.jpg]
[colorlib.com/preview/theme/brighthotel/images/person_2.jpg]
[colorlib.com/preview/theme/brighthotel/images/person_1.jpg]
[colorlib.com/cdn-cgi/scripts/5c5dd728/cloudflare-static/email-decode.min.js]
[colorlib.com/preview/theme/brighthotel/js/jquery-migrate-3.0.1.min.js]
[colorlib.com/preview/theme/brighthotel/js/jquery.min.js]
[colorlib.com/preview/theme/brighthotel/js/popper.min.js]
[colorlib.com/preview/theme/brighthotel/js/bootstrap.min.js]
[colorlib.com/preview/theme/brighthotel/js/jquery.easing.1.3.js]
[colorlib.com/preview/theme/brighthotel/js/jquery.waypoints.min.js]
[colorlib.com/preview/theme/brighthotel/js/jquery.stellar.min.js]
[colorlib.com/preview/theme/brighthotel/js/owl.carousel.min.js]
[colorlib.com/preview/theme/brighthotel/js/jquery.magnific-popup.min.js]
[colorlib.com/preview/theme/brighthotel/js/bootstrap-datepicker.js]
[colorlib.com/preview/theme/brighthotel/js/aos.js]
[colorlib.com/preview/theme/brighthotel/js/jquery.animateNumber.min.js]
[colorlib.com/preview/theme/brighthotel/js/google-map.js]
[colorlib.com/preview/theme/brighthotel/js/main.js]
[colorlib.com/preview/theme/brighthotel/index.html]
[ajax.cloudflare.com/cdn-cgi/scripts/a2bd7673/cloudflare-static/rocket-loader.min.js]
[colorlib.com/preview/theme/brighthotel/fonts/open-iconic/open-iconic.eot]
[colorlib.com/preview/theme/brighthotel/fonts/open-iconic/open-iconicd41d.eot]
[colorlib.com/preview/theme/brighthotel/fonts/open-iconic/open-iconic.woff]
[colorlib.com/preview/theme/brighthotel/fonts/open-iconic/open-iconic.ttf]
[colorlib.com/preview/theme/brighthotel/css/open-iconic-bootstrap.min.css]
[colorlib.com/preview/theme/brighthotel/css/animate.css]
[colorlib.com/preview/theme/brighthotel/fonts/open-iconic/open-iconic.svg]
[colorlib.com/preview/theme/brighthotel/fonts/open-iconic/open-iconic.otf]
[colorlib.com/preview/theme/brighthotel/css/owl.video.play.png]
[colorlib.com/preview/theme/brighthotel/css/owl.carousel.min.css]
[colorlib.com/preview/theme/brighthotel/css/owl.theme.default.min.css]
[colorlib.com/preview/theme/brighthotel/css/magnific-popup.css]
[colorlib.com/preview/theme/brighthotel/css/aos.css]
[colorlib.com/preview/theme/brighthotel/fonts/ionicons/fonts/ionicons580c.eot]
[colorlib.com/preview/theme/brighthotel/fonts/ionicons/fonts/ionicons580c.woff2]
[colorlib.com/preview/theme/brighthotel/fonts/ionicons/fonts/ionicons580c.woff]
[colorlib.com/preview/theme/brighthotel/css/ionicons.min.css]
[colorlib.com/preview/theme/brighthotel/css/bootstrap-datepicker.css]
[colorlib.com/preview/theme/brighthotel/css/jquery.timepicker.css]
[colorlib.com/preview/theme/brighthotel/fonts/ionicons/fonts/ionicons580c.ttf]
[colorlib.com/preview/theme/brighthotel/fonts/ionicons/fonts/ionicons580c.svg]
[colorlib.com/preview/theme/brighthotel/fonts/flaticon/font/Flaticon.eot]
[colorlib.com/preview/theme/brighthotel/fonts/flaticon/font/Flaticond41d.eot]
[colorlib.com/preview/theme/brighthotel/fonts/flaticon/font/Flaticon.woff]
[colorlib.com/preview/theme/brighthotel/fonts/flaticon/font/Flaticon.ttf]
[colorlib.com/preview/theme/brighthotel/css/flaticon.css]
[colorlib.com/preview/theme/brighthotel/fonts/flaticon/font/Flaticon.svg]
[colorlib.com/preview/theme/brighthotel/fonts/icomoon/icomoonccfb.eot]
[colorlib.com/preview/theme/brighthotel/fonts/icomoon/icomoonccfb.woff]
[colorlib.com/preview/theme/brighthotel/css/icomoon.css]
[colorlib.com/preview/theme/brighthotel/css/style.css]
[colorlib.com/preview/theme/brighthotel/index-2.html]
[colorlib.com/preview/theme/brighthotel/rooms.html]
[colorlib.com/preview/theme/brighthotel/fonts/icomoon/icomoonccfb.svg]
[colorlib.com/preview/theme/brighthotel/images/img_7.jpg]
[colorlib.com/preview/theme/brighthotel/services.html]
[colorlib.com/preview/theme/brighthotel/about.html]
[colorlib.com/preview/theme/brighthotel/blog.html]
[colorlib.com/preview/theme/brighthotel/contact.html]
[colorlib.com/preview/theme/brighthotel/fonts/open-iconic/open-iconic.svg]
[colorlib.com/preview/theme/brighthotel/css/owl.video.play.html]
[colorlib.com/preview/theme/brighthotel/fonts/ionicons/fonts/ionicons580c.svg]
[colorlib.com/preview/theme/brighthotel/fonts/flaticon/font/Flaticon.svg]
[colorlib.com/preview/theme/brighthotel/blog-single.html]
[colorlib.com/preview/theme/brighthotel/fonts/icomoon/icomoonccfb.ttf]
[colorlib.com/preview/theme/brighthotel/fonts/icomoon/icomoonccfb.svg]
[colorlib.com/preview/theme/brighthotel/images/image_10.jpg]
[colorlib.com/preview/theme/brighthotel/blog-single.html]
[colorlib.com/preview/theme/brighthotel/images/image_10.html]
